  復元対象のプロジェクトを決定しています...
  復元対象のすべてのプロジェクトは最新です。
c:\source\repos\MangaViewer\CbzManager.cs(424,24): warning CS8767: 'int CbzVolumeComparer.Compare(string xFile, string yFile)' のパラメーター 'xFile' の型における参照型の NULL 値の許容が、暗黙的に実装されるメンバー 'int IComparer<string>.Compare(string? x, string? y)' と一致しません。おそらく、NULL 値の許容の属性が原因です。 [c:\source\repos\MangaViewer\MangaViewer.csproj]
c:\source\repos\MangaViewer\CbzManager.cs(424,24): warning CS8767: 'int CbzVolumeComparer.Compare(string xFile, string yFile)' のパラメーター 'yFile' の型における参照型の NULL 値の許容が、暗黙的に実装されるメンバー 'int IComparer<string>.Compare(string? x, string? y)' と一致しません。おそらく、NULL 値の許容の属性が原因です。 [c:\source\repos\MangaViewer\MangaViewer.csproj]
c:\source\repos\MangaViewer\Program.cs(73,26): warning CS8600: Null リテラルまたは Null の可能性がある値を Null 非許容型に変換しています。 [c:\source\repos\MangaViewer\MangaViewer.csproj]
c:\source\repos\MangaViewer\CJManager.cs(170,44): warning CS8604: 'string Path.Combine(string path1, string path2)' 内のパラメーター 'path1' に Null 参照引数がある可能性があります。 [c:\source\repos\MangaViewer\MangaViewer.csproj]
c:\source\repos\MangaViewer\CjService.cs(125,38): warning CS8600: Null リテラルまたは Null の可能性がある値を Null 非許容型に変換しています。 [c:\source\repos\MangaViewer\MangaViewer.csproj]
c:\source\repos\MangaViewer\CJManager.cs(216,48): warning CS8604: 'string Path.Combine(string path1, string path2)' 内のパラメーター 'path1' に Null 参照引数がある可能性があります。 [c:\source\repos\MangaViewer\MangaViewer.csproj]
c:\source\repos\MangaViewer\RatingService.cs(244,34): warning CS8602: null 参照の可能性があるものの逆参照です。 [c:\source\repos\MangaViewer\MangaViewer.csproj]
c:\source\repos\MangaViewer\RatingService.cs(255,36): warning CS8602: null 参照の可能性があるものの逆参照です。 [c:\source\repos\MangaViewer\MangaViewer.csproj]
c:\source\repos\MangaViewer\RatingService.cs(265,34): warning CS8602: null 参照の可能性があるものの逆参照です。 [c:\source\repos\MangaViewer\MangaViewer.csproj]
c:\source\repos\MangaViewer\Form1.cs(413,42): warning CS8601: Null 参照代入の可能性があります。 [c:\source\repos\MangaViewer\MangaViewer.csproj]
c:\source\repos\MangaViewer\Form1.cs(461,40): warning CS8622: 'void Form1.ListBoxFolders_DrawItem(object sender, DrawItemEventArgs e)' のパラメーター 'sender' の型における参照型の NULL 値の許容が、ターゲット デリゲート 'DrawItemEventHandler' と一致しません。おそらく、NULL 値の許容の属性が原因です。 [c:\source\repos\MangaViewer\MangaViewer.csproj]
c:\source\repos\MangaViewer\Form1.cs(173,22): warning CS0414: フィールド 'Form1._isDisplayModeToggling' が割り当てられていますが、値は使用されていません [c:\source\repos\MangaViewer\MangaViewer.csproj]
  MangaViewer -> c:\source\repos\MangaViewer\bin\Debug\net8.0-windows\MangaViewer.dll

ビルドに成功しました。

c:\source\repos\MangaViewer\CbzManager.cs(424,24): warning CS8767: 'int CbzVolumeComparer.Compare(string xFile, string yFile)' のパラメーター 'xFile' の型における参照型の NULL 値の許容が、暗黙的に実装されるメンバー 'int IComparer<string>.Compare(string? x, string? y)' と一致しません。おそらく、NULL 値の許容の属性が原因です。 [c:\source\repos\MangaViewer\MangaViewer.csproj]
c:\source\repos\MangaViewer\CbzManager.cs(424,24): warning CS8767: 'int CbzVolumeComparer.Compare(string xFile, string yFile)' のパラメーター 'yFile' の型における参照型の NULL 値の許容が、暗黙的に実装されるメンバー 'int IComparer<string>.Compare(string? x, string? y)' と一致しません。おそらく、NULL 値の許容の属性が原因です。 [c:\source\repos\MangaViewer\MangaViewer.csproj]
c:\source\repos\MangaViewer\Program.cs(73,26): warning CS8600: Null リテラルまたは Null の可能性がある値を Null 非許容型に変換しています。 [c:\source\repos\MangaViewer\MangaViewer.csproj]
c:\source\repos\MangaViewer\CJManager.cs(170,44): warning CS8604: 'string Path.Combine(string path1, string path2)' 内のパラメーター 'path1' に Null 参照引数がある可能性があります。 [c:\source\repos\MangaViewer\MangaViewer.csproj]
c:\source\repos\MangaViewer\CjService.cs(125,38): warning CS8600: Null リテラルまたは Null の可能性がある値を Null 非許容型に変換しています。 [c:\source\repos\MangaViewer\MangaViewer.csproj]
c:\source\repos\MangaViewer\CJManager.cs(216,48): warning CS8604: 'string Path.Combine(string path1, string path2)' 内のパラメーター 'path1' に Null 参照引数がある可能性があります。 [c:\source\repos\MangaViewer\MangaViewer.csproj]
c:\source\repos\MangaViewer\RatingService.cs(244,34): warning CS8602: null 参照の可能性があるものの逆参照です。 [c:\source\repos\MangaViewer\MangaViewer.csproj]
c:\source\repos\MangaViewer\RatingService.cs(255,36): warning CS8602: null 参照の可能性があるものの逆参照です。 [c:\source\repos\MangaViewer\MangaViewer.csproj]
c:\source\repos\MangaViewer\RatingService.cs(265,34): warning CS8602: null 参照の可能性があるものの逆参照です。 [c:\source\repos\MangaViewer\MangaViewer.csproj]
c:\source\repos\MangaViewer\Form1.cs(413,42): warning CS8601: Null 参照代入の可能性があります。 [c:\source\repos\MangaViewer\MangaViewer.csproj]
c:\source\repos\MangaViewer\Form1.cs(461,40): warning CS8622: 'void Form1.ListBoxFolders_DrawItem(object sender, DrawItemEventArgs e)' のパラメーター 'sender' の型における参照型の NULL 値の許容が、ターゲット デリゲート 'DrawItemEventHandler' と一致しません。おそらく、NULL 値の許容の属性が原因です。 [c:\source\repos\MangaViewer\MangaViewer.csproj]
c:\source\repos\MangaViewer\Form1.cs(173,22): warning CS0414: フィールド 'Form1._isDisplayModeToggling' が割り当てられていますが、値は使用されていません [c:\source\repos\MangaViewer\MangaViewer.csproj]
    12 個の警告
    0 エラー

経過時間 00:00:01.55
